-- CMake version: 3.25.1
-- The CXX compiler identification is GNU 14.2.0
-- Detecting CXX compiler ABI info
-- Detecting CXX compiler ABI info - done
-- Check for working CXX compiler: /usr/local/bin/c++ - skipped
-- Detecting CXX compile features
-- Detecting CXX compile features - done
-- Version: 10.1.1
-- Build type: Release
-- Target 'doc' disabled (requires doxygen)
-- Performing Test CMAKE_HAVE_LIBC_PTHREAD
-- Performing Test CMAKE_HAVE_LIBC_PTHREAD - Success
-- Found Threads: TRUE  
-- Looking for strptime
-- Looking for strptime - found
-- FMT_PEDANTIC: OFF
-- Configuring done
-- Generating done
-- Build files have been written to: /home/fmt/build
[  1%] Building CXX object CMakeFiles/fmt.dir/src/format.cc.o
[  2%] Building CXX object CMakeFiles/fmt.dir/src/os.cc.o
[  4%] Linking CXX static library libfmt.a
[  4%] Built target fmt
[  5%] Building CXX object test/gtest/CMakeFiles/gtest.dir/gmock-gtest-all.cc.o
[  7%] Linking CXX static library libgtest.a
[  7%] Built target gtest
[  8%] Building CXX object test/CMakeFiles/test-main.dir/test-main.cc.o
[ 10%] Building CXX object test/CMakeFiles/test-main.dir/gtest-extra.cc.o
[ 11%] Building CXX object test/CMakeFiles/test-main.dir/util.cc.o
[ 13%] Linking CXX static library libtest-main.a
[ 13%] Built target test-main
[ 14%] Building CXX object test/CMakeFiles/args-test.dir/args-test.cc.o
[ 16%] Linking CXX executable ../bin/args-test
[ 16%] Built target args-test
[ 17%] Building CXX object test/CMakeFiles/assert-test.dir/assert-test.cc.o
[ 19%] Linking CXX executable ../bin/assert-test
[ 19%] Built target assert-test
[ 20%] Building CXX object test/CMakeFiles/chrono-test.dir/chrono-test.cc.o
[ 22%] Linking CXX executable ../bin/chrono-test
[ 22%] Built target chrono-test
[ 23%] Building CXX object test/CMakeFiles/color-test.dir/color-test.cc.o
[ 25%] Linking CXX executable ../bin/color-test
[ 25%] Built target color-test
[ 26%] Building CXX object test/CMakeFiles/core-test.dir/core-test.cc.o
[ 28%] Linking CXX executable ../bin/core-test
[ 28%] Built target core-test
[ 29%] Building CXX object test/CMakeFiles/gtest-extra-test.dir/gtest-extra-test.cc.o
[ 31%] Linking CXX executable ../bin/gtest-extra-test
[ 31%] Built target gtest-extra-test
[ 32%] Building CXX object test/CMakeFiles/format-test.dir/format-test.cc.o
[ 34%] Linking CXX executable ../bin/format-test
[ 34%] Built target format-test
[ 35%] Building CXX object test/CMakeFiles/format-impl-test.dir/format-impl-test.cc.o
[ 37%] Building CXX object test/CMakeFiles/format-impl-test.dir/header-only-test.cc.o
[ 38%] Building CXX object test/CMakeFiles/format-impl-test.dir/test-main.cc.o
[ 40%] Building CXX object test/CMakeFiles/format-impl-test.dir/gtest-extra.cc.o
[ 41%] Building CXX object test/CMakeFiles/format-impl-test.dir/util.cc.o
[ 43%] Building CXX object test/CMakeFiles/format-impl-test.dir/__/src/os.cc.o
[ 44%] Linking CXX executable ../bin/format-impl-test
[ 44%] Built target format-impl-test
[ 46%] Building CXX object test/CMakeFiles/ostream-test.dir/ostream-test.cc.o
[ 47%] Linking CXX executable ../bin/ostream-test
[ 47%] Built target ostream-test
[ 49%] Building CXX object test/CMakeFiles/compile-test.dir/compile-test.cc.o
[ 50%] Linking CXX executable ../bin/compile-test
[ 50%] Built target compile-test
[ 52%] Building CXX object test/CMakeFiles/compile-fp-test.dir/compile-fp-test.cc.o
[ 53%] Building CXX object test/CMakeFiles/compile-fp-test.dir/test-main.cc.o
[ 55%] Building CXX object test/CMakeFiles/compile-fp-test.dir/gtest-extra.cc.o
[ 56%] Building CXX object test/CMakeFiles/compile-fp-test.dir/util.cc.o
[ 58%] Building CXX object test/CMakeFiles/compile-fp-test.dir/__/src/os.cc.o
[ 59%] Linking CXX executable ../bin/compile-fp-test
[ 59%] Built target compile-fp-test
[ 61%] Building CXX object test/CMakeFiles/printf-test.dir/printf-test.cc.o
[ 62%] Linking CXX executable ../bin/printf-test
[ 62%] Built target printf-test
[ 64%] Building CXX object test/CMakeFiles/ranges-test.dir/ranges-test.cc.o
[ 65%] Building CXX object test/CMakeFiles/ranges-test.dir/ranges-odr-test.cc.o
[ 67%] Linking CXX executable ../bin/ranges-test
[ 67%] Built target ranges-test
[ 68%] Building CXX object test/CMakeFiles/scan-test.dir/scan-test.cc.o
[ 70%] Linking CXX executable ../bin/scan-test
[ 70%] Built target scan-test
[ 71%] Building CXX object test/CMakeFiles/std-test.dir/std-test.cc.o
[ 73%] Linking CXX executable ../bin/std-test
[ 73%] Built target std-test
[ 74%] Building CXX object test/CMakeFiles/unicode-test.dir/unicode-test.cc.o
[ 76%] Building CXX object test/CMakeFiles/unicode-test.dir/test-main.cc.o
[ 77%] Building CXX object test/CMakeFiles/unicode-test.dir/gtest-extra.cc.o
[ 79%] Building CXX object test/CMakeFiles/unicode-test.dir/util.cc.o
[ 80%] Building CXX object test/CMakeFiles/unicode-test.dir/__/src/os.cc.o
[ 82%] Linking CXX executable ../bin/unicode-test
[ 82%] Built target unicode-test
[ 83%] Building CXX object test/CMakeFiles/xchar-test.dir/xchar-test.cc.o
[ 85%] Linking CXX executable ../bin/xchar-test
[ 85%] Built target xchar-test
[ 86%] Building CXX object test/CMakeFiles/enforce-checks-test.dir/enforce-checks-test.cc.o
[ 88%] Linking CXX executable ../bin/enforce-checks-test
[ 88%] Built target enforce-checks-test
[ 89%] Building CXX object test/CMakeFiles/posix-mock-test.dir/posix-mock-test.cc.o
[ 91%] Building CXX object test/CMakeFiles/posix-mock-test.dir/__/src/format.cc.o
[ 92%] Building CXX object test/CMakeFiles/posix-mock-test.dir/test-main.cc.o
[ 94%] Building CXX object test/CMakeFiles/posix-mock-test.dir/gtest-extra.cc.o
[ 95%] Building CXX object test/CMakeFiles/posix-mock-test.dir/util.cc.o
[ 97%] Linking CXX executable ../bin/posix-mock-test
[ 97%] Built target posix-mock-test
[ 98%] Building CXX object test/CMakeFiles/os-test.dir/os-test.cc.o
[100%] Linking CXX executable ../bin/os-test
[100%] Built target os-test
Test project /home/fmt/build
      Start  1: args-test
 1/20 Test  #1: args-test ........................   Passed    0.00 sec
      Start  2: assert-test
 2/20 Test  #2: assert-test ......................   Passed    0.00 sec
      Start  3: chrono-test
 3/20 Test  #3: chrono-test ......................   Passed    0.09 sec
      Start  4: color-test
 4/20 Test  #4: color-test .......................   Passed    0.00 sec
      Start  5: core-test
 5/20 Test  #5: core-test ........................   Passed    0.00 sec
      Start  6: gtest-extra-test
 6/20 Test  #6: gtest-extra-test .................   Passed    0.00 sec
      Start  7: format-test
 7/20 Test  #7: format-test ......................   Passed    0.01 sec
      Start  8: format-impl-test
 8/20 Test  #8: format-impl-test .................   Passed    0.02 sec
      Start  9: ostream-test
 9/20 Test  #9: ostream-test .....................   Passed    0.00 sec
      Start 10: compile-test
10/20 Test #10: compile-test .....................   Passed    0.00 sec
      Start 11: compile-fp-test
11/20 Test #11: compile-fp-test ..................   Passed    0.00 sec
      Start 12: printf-test
12/20 Test #12: printf-test ......................   Passed    0.00 sec
      Start 13: ranges-test
13/20 Test #13: ranges-test ......................   Passed    0.00 sec
      Start 14: scan-test
14/20 Test #14: scan-test ........................   Passed    0.00 sec
      Start 15: std-test
15/20 Test #15: std-test .........................   Passed    0.00 sec
      Start 16: unicode-test
16/20 Test #16: unicode-test .....................   Passed    0.00 sec
      Start 17: xchar-test
17/20 Test #17: xchar-test .......................   Passed    0.00 sec
      Start 18: enforce-checks-test
18/20 Test #18: enforce-checks-test ..............   Passed    0.00 sec
      Start 19: posix-mock-test
19/20 Test #19: posix-mock-test ..................   Passed    0.00 sec
      Start 20: os-test
20/20 Test #20: os-test ..........................   Passed    0.01 sec

100% tests passed, 0 tests failed out of 20

Total Test time (real) =   0.18 sec
